
 +++++++++++++++++++++++++++++++++++++++++++++++++++++++++++++++++++
 +  SHELXL -  CRYSTAL STRUCTURE REFINEMENT  -   MULTI-CPU VERSION  +
 +  Copyright(C) George M. Sheldrick 1993-2023     Version 2019/3  +
 +  job                        started at 11:59:42 on 29-Aug-2026  +
 +++++++++++++++++++++++++++++++++++++++++++++++++++++++++++++++++++

 Command line parameters: job -a50000 -b3000 -c624 -g0 -m0 -t32

 -a sets the approximate maximum number of atoms including hydrogens.
 -b sets the maximum number of full-matrix parameters (not used by CGLS).
 For example -b9000 allows refinement of 1000 anisotropic atoms or 3000
 with BLOC 1. For a 32-bit version, -b times the square root of the
 number of threads should not exceed about 65500. -c sets the reflection
 buffer size. This depends on the CPU cache size but will rarely
 need changing.

 -g sets the number of reflection groups used for calculating R_complete,
 This must be greater than 1 but not greater than the total number of
 reflections for refinement. -m sets the current reflection group number.
 This may not be less than 1 nor greater than the number set by -g. These
 command line flags override other ways of defining free-R reflections.
 The -m value is also used as a seed for the WIGL pseudo-random shifts.

 -t sets the number of threads, otherwise it is set to the apparent
 number of CPUs. For optimal performance on hyperthreading systems,
 -t should be set to a little more than half the number of CPUs;
 e.g. -t4 or -t5 for an Intel i7 processor.

 Running 32 threads on 32 processors

 TITL CrystalPilot n0013 in P 1 21 1
 REM CrystalPilot node n0013 tool=run_shelxl
 REM R1 = 0.0812 wR2 = 0.3063 GooF = 1.035
 CELL 0.71073 8.36330 10.09454 15.09887 90.0000 105.3726 90.0000
 ZERR 8 0.00000 0.00000 0.00000 0.0000 0.0000 0.0000
 LATT -1
 SYMM -X,Y+1/2,-Z
 SFAC C H N O
 UNIT 48.0 48.0 16.0 16.0

 V =     1229.10     F(000) =     576.0     Mu =   0.12 mm-1      Cell Wt =     1105.02    Rho =  1.493

 L.S. 20
 BASF 0.25
  
 WGHT 0.1
 FVAR  0.19853
 O1    4   0.107282   0.022132   0.734297    11.00000     0.04528     0.03382 =
       0.05371     0.00842     0.00414    -0.00648
 O2    4   0.389780   0.802970   0.760946    11.00000     0.04912     0.04225 =
       0.01428    -0.00409    -0.00015    -0.00716
 O3    4   0.488151   0.422296   0.659117    11.00000     0.05686     0.03699 =
       0.03666    -0.00529     0.01297    -0.01653
 O4    4   0.009683   0.401105   0.839107    11.00000     0.04423     0.03164 =
       0.04576     0.00152     0.01175    -0.01573
 O5    4   0.359497   0.017546   0.218101    11.00000     0.04682     0.03151 =
       0.04917     0.01123     0.01940     0.00903
 O6    4   0.098119   0.916525   0.859328    11.00000     0.04601     0.02606 =
       0.06373     0.01024     0.01431    -0.01112
 O7    4   0.141439   0.809614   0.284184    11.00000     0.05215     0.04402 =
       0.01246    -0.01247     0.00929    -0.00176
 O8    4   0.401492   0.910486   0.640721    11.00000     0.05330     0.04066 =
       0.03443    -0.00147     0.00835    -0.01821
 N1    3   0.413166   0.013480   0.301266    11.00000     0.03092     0.01331 =
       0.05897     0.00463     0.01503    -0.00076
 N2    3   0.089804   0.818664   0.197203    11.00000     0.03714     0.04354 =
       0.01137     0.00062     0.00983     0.00358
 C1    1   0.164992   0.620802   0.660592    11.00000     0.02877     0.01643 =
       0.03530    -0.00133     0.00734     0.00037
 N3    3   0.347182   0.822272   0.675982    11.00000     0.03723     0.03575 =
       0.02988    -0.00006     0.00672    -0.00028
 C2    1   0.236509   0.723410   0.622071    11.00000     0.02639     0.03041 =
       0.02644    -0.00454     0.00488     0.00314
 N4    3   0.313465   0.593202   0.270604    11.00000     0.04159     0.03557 =
       0.02478     0.01408     0.00580     0.01106
 AFIX 93
 H4A   2   0.291568   0.646300   0.310368    11.00000    -1.20000
 H4B   2   0.377491   0.526272   0.288527    11.00000    -1.20000
 AFIX 0
 C3    1   0.248472   0.614541   0.181608    11.00000     0.03368     0.01812 =
       0.02193     0.00345     0.00693    -0.00149
 N5    3   0.306752   0.231004   0.747369    11.00000     0.04386     0.04266 =
       0.02816     0.01217     0.00776    -0.01017
 AFIX 93
 H5A   2   0.240206   0.181397   0.707915    11.00000    -1.20000
 H5B   2   0.354895   0.296888   0.729083    11.00000    -1.20000
 AFIX 0
 N6    3   0.197814   0.596863   0.751822    11.00000     0.05085     0.02890 =
       0.03771    -0.00147     0.01488    -0.00670
 AFIX 93
 H6A   2   0.266620   0.646419   0.790141    11.00000    -1.20000
 H6B   2   0.149870   0.532091   0.771490    11.00000    -1.20000
 AFIX 0
 C4    1   0.141482   0.720024   0.141995    11.00000     0.03443     0.01181 =
       0.02026    -0.00478     0.00905    -0.00046
 C5    1   0.211824   0.305656   0.383599    11.00000     0.02774     0.02648 =
       0.05180    -0.00603     0.01261     0.00146
 AFIX 43
 H5    2   0.144437   0.378291   0.361858    11.00000    -1.20000
 AFIX 0
 N7    3   0.186344   0.231066   0.226402    11.00000     0.04548     0.03353 =
       0.04187    -0.00790     0.01120     0.00777
 AFIX 93
 H7A   2   0.123866   0.298262   0.206622    11.00000    -1.20000
 H7B   2   0.208889   0.175744   0.188104    11.00000    -1.20000
 AFIX 0
 C6    1   0.358821   0.106900   0.357851    11.00000     0.02576     0.03320 =
       0.04684     0.00436     0.01278    -0.00016
 C7    1   0.051649   0.537457   0.601706    11.00000     0.03631     0.02831 =
       0.03368    -0.00280     0.01505    -0.00309
 AFIX 43
 H7    2  -0.000343   0.470139   0.625649    11.00000    -1.20000
 AFIX 0
 N8    3   0.150465   0.012177   0.819475    11.00000     0.02857     0.01439 =
       0.04729     0.00166     0.01221    -0.00213
 C8    1   0.265529   0.100904   0.878070    11.00000     0.03304     0.01496 =
       0.04358    -0.00163     0.01638    -0.00189
 C9    1   0.483644   0.268258  -0.001710    11.00000     0.03947     0.03163 =
       0.02879     0.00106     0.00691     0.00283
 AFIX 43
 H9    2   0.559980   0.322720   0.037886    11.00000    -1.20000
 AFIX 0
 C10   1   0.250051   0.212122   0.319055    11.00000     0.02454     0.03299 =
       0.04534     0.00051     0.00970    -0.00271
 C11   1   0.335538   0.205543   0.837690    11.00000     0.03557     0.03536 =
       0.03290     0.00788     0.01551     0.00431
 C12   1   0.199535   0.745440   0.525202    11.00000     0.02710     0.04319 =
       0.03823    -0.00384     0.01529     0.00299
 AFIX 43
 H12   2   0.247556   0.815121   0.501177    11.00000    -1.20000
 AFIX 0
 C13   1   0.417098   0.092713   0.451151    11.00000     0.02932     0.03510 =
       0.05392     0.01307     0.01647     0.00501
 AFIX 43
 H13   2   0.483444   0.020498   0.475289    11.00000    -1.20000
 AFIX 0
 C14   1   0.446908   0.291171   0.904509    11.00000     0.03616     0.01860 =
       0.03408     0.00247     0.00873    -0.00051
 AFIX 43
 H14   2   0.494855   0.363607   0.883393    11.00000    -1.20000
 AFIX 0
 C15   1   0.079258   0.734715   0.045126    11.00000     0.03744     0.02083 =
       0.01654    -0.00449     0.00261     0.00121
 AFIX 43
 H15   2   0.008616   0.804639   0.021155    11.00000    -1.20000
 AFIX 0
 C16   1   0.272734   0.288129   0.473954    11.00000     0.03070     0.07261 =
       0.04314    -0.02531     0.01354    -0.00934
 AFIX 43
 H16   2   0.243422   0.347273   0.514206    11.00000    -1.20000
 AFIX 0
 C17   1   0.228571   0.537385   0.026163    11.00000     0.03878     0.00926 =
       0.03259     0.00699     0.00679     0.00656
 AFIX 43
 H17   2   0.254192   0.472923  -0.011899    11.00000    -1.20000
 AFIX 0
 C18   1   0.411436   0.168796   0.033771    11.00000     0.03357     0.02519 =
       0.04933    -0.01020     0.00857    -0.00175
 AFIX 43
 H18   2   0.434046   0.156371   0.096916    11.00000    -1.20000
 AFIX 0
 C19   1   0.378081   0.184469   0.509117    11.00000     0.03564     0.06285 =
       0.04499    -0.01426     0.01378    -0.00469
 AFIX 43
 H19   2   0.422702   0.176813   0.572235    11.00000    -1.20000
 AFIX 0
 C20   1   0.301743   0.085224   0.972590    11.00000     0.04129     0.01114 =
       0.03486     0.00665     0.00870    -0.00186
 AFIX 43
 H20   2   0.251220   0.016599   0.996167    11.00000    -1.20000
 AFIX 0
 C21   1   0.092678   0.661662   0.470009    11.00000     0.04439     0.03645 =
       0.01678     0.00491     0.01095     0.00308
 AFIX 43
 H21   2   0.066794   0.671960   0.406582    11.00000    -1.20000
 AFIX 0
 C22   1  -0.017781   0.054798   0.489897    11.00000     0.03380     0.02812 =
       0.03399     0.00892     0.01022     0.00761
 AFIX 43
 H22   2   0.055313  -0.002954   0.528541    11.00000    -1.20000
 AFIX 0
 C23   1   0.292172   0.528389   0.120481    11.00000     0.03782     0.01917 =
       0.02708     0.00340     0.00547     0.00341
 AFIX 43
 H23   2   0.367816   0.461338   0.143920    11.00000    -1.20000
 AFIX 0
 C24   1   0.123405   0.646005   0.987402    11.00000     0.04090     0.01706 =
       0.01958     0.00253     0.00173     0.00784
 AFIX 43
 H24   2   0.085724   0.656103   0.924048    11.00000    -1.20000
 AFIX 0
 HKLF 5



 Covalent radii and connectivity table for  CrystalPilot n0013 in P 1 21 1                                             
 C      0.770
 H      0.320
 N      0.700
 O      0.660

 O1 - N8
 O2 - N3
 O3 - N1_$4
 O4 - N2_$5
 O5 - N1
 O6 - N8_$6
 O7 - N2
 O8 - N3
 N1 - O5 O3_$1 C6
 N2 - O4_$2 O7 C4
 C1 - N6 C7 C2
 N3 - O8 O2 C2
 C2 - C1 C12 N3
 N4 - C3
 C3 - N4 C23 C4
 N5 - C11
 N6 - C1
 C4 - C3 C15 N2
 C5 - C16 C10
 N7 - C10
 C6 - C13 C10 N1
 C7 - C22_$2 C1
 N8 - O1 O6_$3 C8
 C8 - C20 C11 N8
 C9 - C18 C14_$8
 C10 - N7 C6 C5
 C11 - N5 C8 C14
 C12 - C21 C2
 C13 - C6 C19
 C14 - C9_$7 C11
 C15 - C24_$8 C4
 C16 - C5 C19
 C17 - C23 C24_$8
 C18 - C9 C20_$8
 C19 - C13 C16
 C20 - C8 C18_$7
 C21 - C12 C22_$2
 C22 - C7_$5 C21_$5
 C23 - C17 C3
 C24 - C15_$7 C17_$7


 Operators for generating equivalent atoms:
 $1   -x+1, y-1/2, -z+1
 $2   -x, y+1/2, -z+1
 $3   x, y-1, z
 $4   -x+1, y+1/2, -z+1
 $5   -x, y-1/2, -z+1
 $6   x, y+1, z
 $7   x, y, z+1
 $8   x, y, z-1


 Floating origin restraints generated


 ** MERG code changed to 0 for compatibility with HKLF and BASF parameters **


    10793  Reflections read, of which      11  rejected

 -10 =< h =< 10,    -13 =< k =< 12,    -19 =< l =< 19,   Max. 2-theta =   56.80

        0  Systematic absence violations (I>3sig(I)) before merging

       0  Data suppressed,     R(sigma) = 0.1081

 Maximum memory for data reduction =     2828 /        7

 Reflection statistics for twin component 1 only (TWST 1 set)
 Number of data for d > 0.750A (CIF: max) and d > 0.833A (CIF: full)
 (ignoring systematic absences):
 Unique reflections found (point group)       3783    3677
 Unique reflections possible (point group)    6107    4445
 Unique reflections found (Laue group)        2202    2109
 Unique reflections possible (Laue group)     3224    2360
 Unique Friedel pairs found                   1581    1568
 Unique Friedel pairs possible                2883    2085


 Default effective X-H and X-D distances for T =   20.0C 
 AFIX m =    1     2     3     4   4[N]  3[N]  15[B]  8[O]   9   9[N]   16
 d(X-H) =  0.98  0.97  0.96  0.93  0.86  0.89  1.10  0.82  0.93  0.86  0.93

 Note that these distances are chosen to give the best fit to the X-ray data
 and so avoid the introduction of systematic error.  The true internuclear
 distances are longer and do not vary with temperature!  The apparent
 variation with temperature is caused by libration.


 Least-squares cycle   1   Maximum vector length =  623   Memory required =     81 /   3814 /   545514

 wR2 =  0.3518 before cycle   1 for   10782 data and    362 /    362 parameters

 GooF = S =     1.630;     Restrained GooF =      1.630 for       1 restraints

 Weight = 1 / [ sigma^2(Fo^2) + ( 0.1000 * P )^2 +   0.00 * P ]   where  P = ( Max ( Fo^2, 0 ) + 2 * Fc^2 ) / 3


     N      value        esd    shift/esd  parameter

     1     0.19486     0.00193    -1.900    OSF
     2     0.22653     0.00434    -5.412   BASF  1 

 Mean shift/esd =   0.411  Maximum =    -5.412 for BASF  1       

 Max. shift = 0.063 A for C19        Max. dU =-0.016 for C15       


 Least-squares cycle   2   Maximum vector length =  623   Memory required =     81 /   3814 /   545514

 wR2 =  0.3341 before cycle   2 for   10782 data and    362 /    362 parameters

 GooF = S =     1.637;     Restrained GooF =      1.637 for       1 restraints

 Weight = 1 / [ sigma^2(Fo^2) + ( 0.1000 * P )^2 +   0.00 * P ]   where  P = ( Max ( Fo^2, 0 ) + 2 * Fc^2 ) / 3


     N      value        esd    shift/esd  parameter

     1     0.19246     0.00177    -1.361    OSF
     2     0.22107     0.00384    -1.422   BASF  1 

 Mean shift/esd =   0.282  Maximum =    -1.422 for BASF  1       

 Max. shift = 0.035 A for C12        Max. dU =-0.006 for C1        


 Least-squares cycle   3   Maximum vector length =  623   Memory required =     81 /   3814 /   545514

 wR2 =  0.3284 before cycle   3 for   10782 data and    362 /    362 parameters

 GooF = S =     1.596;     Restrained GooF =      1.595 for       1 restraints

 Weight = 1 / [ sigma^2(Fo^2) + ( 0.1000 * P )^2 +   0.00 * P ]   where  P = ( Max ( Fo^2, 0 ) + 2 * Fc^2 ) / 3


     N      value        esd    shift/esd  parameter

     1     0.19279     0.00172     0.193    OSF
     2     0.22122     0.00373     0.040   BASF  1 

 Mean shift/esd =   0.192  Maximum =     0.778 for  U11 C15      

 Max. shift = 0.017 A for N6        Max. dU =-0.005 for C7         


 Least-squares cycle   4   Maximum vector length =  623   Memory required =     81 /   3814 /   545514

 wR2 =  0.3256 before cycle   4 for   10782 data and    362 /    362 parameters

 GooF = S =     1.565;     Restrained GooF =      1.565 for       1 restraints

 Weight = 1 / [ sigma^2(Fo^2) + ( 0.1000 * P )^2 +   0.00 * P ]   where  P = ( Max ( Fo^2, 0 ) + 2 * Fc^2 ) / 3


     N      value        esd    shift/esd  parameter

     1     0.19334     0.00171     0.324    OSF
     2     0.22108     0.00370    -0.038   BASF  1 

 Mean shift/esd =   0.135  Maximum =    -0.592 for   z  C3       

 Max. shift = 0.017 A for C10        Max. dU =-0.002 for N1        


 Least-squares cycle   5   Maximum vector length =  623   Memory required =     81 /   3814 /   545514

 wR2 =  0.3249 before cycle   5 for   10782 data and    362 /    362 parameters

 GooF = S =     1.557;     Restrained GooF =      1.557 for       1 restraints

 Weight = 1 / [ sigma^2(Fo^2) + ( 0.1000 * P )^2 +   0.00 * P ]   where  P = ( Max ( Fo^2, 0 ) + 2 * Fc^2 ) / 3


     N      value        esd    shift/esd  parameter

     1     0.19343     0.00171     0.054    OSF
     2     0.22116     0.00369     0.021   BASF  1 

 Mean shift/esd =   0.125  Maximum =     0.582 for   x  C20      

 Max. shift = 0.015 A for C20        Max. dU = 0.003 for C3        


 Least-squares cycle   6   Maximum vector length =  623   Memory required =     81 /   3814 /   545514

 wR2 =  0.3246 before cycle   6 for   10782 data and    362 /    362 parameters

 GooF = S =     1.555;     Restrained GooF =      1.555 for       1 restraints

 Weight = 1 / [ sigma^2(Fo^2) + ( 0.1000 * P )^2 +   0.00 * P ]   where  P = ( Max ( Fo^2, 0 ) + 2 * Fc^2 ) / 3


     N      value        esd    shift/esd  parameter

     1     0.19341     0.00171    -0.015    OSF
     2     0.22102     0.00368    -0.038   BASF  1 

 Mean shift/esd =   0.119  Maximum =    -0.532 for   z  C10      

 Max. shift = 0.016 A for C10        Max. dU =-0.003 for C7        


 Least-squares cycle   7   Maximum vector length =  623   Memory required =     81 /   3814 /   545514

 wR2 =  0.3246 before cycle   7 for   10782 data and    362 /    362 parameters

 GooF = S =     1.555;     Restrained GooF =      1.555 for       1 restraints

 Weight = 1 / [ sigma^2(Fo^2) + ( 0.1000 * P )^2 +   0.00 * P ]   where  P = ( Max ( Fo^2, 0 ) + 2 * Fc^2 ) / 3


     N      value        esd    shift/esd  parameter

     1     0.19351     0.00171     0.061    OSF
     2     0.22130     0.00369     0.076   BASF  1 

 Mean shift/esd =   0.119  Maximum =     0.624 for   x  O1       

 Max. shift = 0.016 A for N6        Max. dU =-0.003 for C4         


 Least-squares cycle   8   Maximum vector length =  623   Memory required =     81 /   3814 /   545514

 wR2 =  0.3245 before cycle   8 for   10782 data and    362 /    362 parameters

 GooF = S =     1.555;     Restrained GooF =      1.555 for       1 restraints

 Weight = 1 / [ sigma^2(Fo^2) + ( 0.1000 * P )^2 +   0.00 * P ]   where  P = ( Max ( Fo^2, 0 ) + 2 * Fc^2 ) / 3


     N      value        esd    shift/esd  parameter

     1     0.19341     0.00171    -0.059    OSF
     2     0.22125     0.00368    -0.013   BASF  1 

 Mean shift/esd =   0.108  Maximum =    -0.476 for  U33 C7       

 Max. shift = 0.013 A for C19        Max. dU =-0.004 for C7        


 Least-squares cycle   9   Maximum vector length =  623   Memory required =     81 /   3814 /   545514

 wR2 =  0.3243 before cycle   9 for   10782 data and    362 /    362 parameters

 GooF = S =     1.553;     Restrained GooF =      1.553 for       1 restraints

 Weight = 1 / [ sigma^2(Fo^2) + ( 0.1000 * P )^2 +   0.00 * P ]   where  P = ( Max ( Fo^2, 0 ) + 2 * Fc^2 ) / 3


     N      value        esd    shift/esd  parameter

     1     0.19342     0.00170     0.004    OSF
     2     0.22133     0.00368     0.022   BASF  1 

 Mean shift/esd =   0.089  Maximum =     0.441 for   x  O1       

 Max. shift = 0.011 A for H6B        Max. dU =-0.003 for C4        


 Least-squares cycle  10   Maximum vector length =  623   Memory required =     81 /   3814 /   545514

 wR2 =  0.3242 before cycle  10 for   10782 data and    362 /    362 parameters

 GooF = S =     1.552;     Restrained GooF =      1.552 for       1 restraints

 Weight = 1 / [ sigma^2(Fo^2) + ( 0.1000 * P )^2 +   0.00 * P ]   where  P = ( Max ( Fo^2, 0 ) + 2 * Fc^2 ) / 3


     N      value        esd    shift/esd  parameter

     1     0.19337     0.00170    -0.028    OSF
     2     0.22127     0.00368    -0.016   BASF  1 

 Mean shift/esd =   0.084  Maximum =    -0.465 for  U33 C7       

 Max. shift = 0.011 A for C19        Max. dU =-0.004 for C7        


 Least-squares cycle  11   Maximum vector length =  623   Memory required =     81 /   3814 /   545514

 wR2 =  0.3241 before cycle  11 for   10782 data and    362 /    362 parameters

 GooF = S =     1.551;     Restrained GooF =      1.551 for       1 restraints

 Weight = 1 / [ sigma^2(Fo^2) + ( 0.1000 * P )^2 +   0.00 * P ]   where  P = ( Max ( Fo^2, 0 ) + 2 * Fc^2 ) / 3


     N      value        esd    shift/esd  parameter

     1     0.19338     0.00170     0.008    OSF
     2     0.22134     0.00368     0.019   BASF  1 

 Mean shift/esd =   0.084  Maximum =    -0.455 for  U33 C7       

 Max. shift = 0.011 A for C21        Max. dU =-0.003 for C4        


 Least-squares cycle  12   Maximum vector length =  623   Memory required =     81 /   3814 /   545514

 wR2 =  0.3241 before cycle  12 for   10782 data and    362 /    362 parameters

 GooF = S =     1.550;     Restrained GooF =      1.550 for       1 restraints

 Weight = 1 / [ sigma^2(Fo^2) + ( 0.1000 * P )^2 +   0.00 * P ]   where  P = ( Max ( Fo^2, 0 ) + 2 * Fc^2 ) / 3


     N      value        esd    shift/esd  parameter

     1     0.19339     0.00170     0.003    OSF
     2     0.22131     0.00368    -0.010   BASF  1 

 Mean shift/esd =   0.096  Maximum =    -0.537 for  U33 C7       

 Max. shift = 0.011 A for C12        Max. dU =-0.005 for C7        


 Least-squares cycle  13   Maximum vector length =  623   Memory required =     81 /   3814 /   545514

 wR2 =  0.3239 before cycle  13 for   10782 data and    362 /    362 parameters

 GooF = S =     1.549;     Restrained GooF =      1.549 for       1 restraints

 Weight = 1 / [ sigma^2(Fo^2) + ( 0.1000 * P )^2 +   0.00 * P ]   where  P = ( Max ( Fo^2, 0 ) + 2 * Fc^2 ) / 3


     N      value        esd    shift/esd  parameter

     1     0.19343     0.00169     0.026    OSF
     2     0.22144     0.00368     0.037   BASF  1 

 Mean shift/esd =   0.104  Maximum =    -0.614 for  U33 C7       

 Max. shift = 0.012 A for C21        Max. dU =-0.004 for C7        


 Least-squares cycle  14   Maximum vector length =  623   Memory required =     81 /   3814 /   545514

 wR2 =  0.3239 before cycle  14 for   10782 data and    362 /    362 parameters

 GooF = S =     1.549;     Restrained GooF =      1.549 for       1 restraints

 Weight = 1 / [ sigma^2(Fo^2) + ( 0.1000 * P )^2 +   0.00 * P ]   where  P = ( Max ( Fo^2, 0 ) + 2 * Fc^2 ) / 3


     N      value        esd    shift/esd  parameter

     1     0.19341     0.00169    -0.014    OSF
     2     0.22141     0.00367    -0.008   BASF  1 

 Mean shift/esd =   0.094  Maximum =    -0.598 for  U33 C7       

 Max. shift = 0.010 A for C12        Max. dU =-0.006 for C7        


 Least-squares cycle  15   Maximum vector length =  623   Memory required =     81 /   3814 /   545514

 wR2 =  0.3237 before cycle  15 for   10782 data and    362 /    362 parameters

 GooF = S =     1.548;     Restrained GooF =      1.548 for       1 restraints

 Weight = 1 / [ sigma^2(Fo^2) + ( 0.1000 * P )^2 +   0.00 * P ]   where  P = ( Max ( Fo^2, 0 ) + 2 * Fc^2 ) / 3


     N      value        esd    shift/esd  parameter

     1     0.19344     0.00169     0.015    OSF
     2     0.22149     0.00367     0.020   BASF  1 

 Mean shift/esd =   0.090  Maximum =    -0.595 for  U33 C7       

 Max. shift = 0.010 A for C12        Max. dU =-0.003 for C7        


 Least-squares cycle  16   Maximum vector length =  623   Memory required =     81 /   3814 /   545514

 wR2 =  0.3237 before cycle  16 for   10782 data and    362 /    362 parameters

 GooF = S =     1.547;     Restrained GooF =      1.547 for       1 restraints

 Weight = 1 / [ sigma^2(Fo^2) + ( 0.1000 * P )^2 +   0.00 * P ]   where  P = ( Max ( Fo^2, 0 ) + 2 * Fc^2 ) / 3


     N      value        esd    shift/esd  parameter

     1     0.19339     0.00169    -0.024    OSF
     2     0.22143     0.00367    -0.015   BASF  1 

 Mean shift/esd =   0.083  Maximum =    -0.583 for  U33 C7       

 Max. shift = 0.010 A for C12        Max. dU =-0.005 for C7        


 Least-squares cycle  17   Maximum vector length =  623   Memory required =     81 /   3814 /   545514

 wR2 =  0.3237 before cycle  17 for   10782 data and    362 /    362 parameters

 GooF = S =     1.547;     Restrained GooF =      1.547 for       1 restraints

 Weight = 1 / [ sigma^2(Fo^2) + ( 0.1000 * P )^2 +   0.00 * P ]   where  P = ( Max ( Fo^2, 0 ) + 2 * Fc^2 ) / 3


     N      value        esd    shift/esd  parameter

     1     0.19343     0.00169     0.021    OSF
     2     0.22146     0.00367     0.008   BASF  1 

 Mean shift/esd =   0.081  Maximum =    -0.569 for  U33 C7       

 Max. shift = 0.009 A for C21        Max. dU =-0.004 for C7        


 Least-squares cycle  18   Maximum vector length =  623   Memory required =     81 /   3814 /   545514

 wR2 =  0.3237 before cycle  18 for   10782 data and    362 /    362 parameters

 GooF = S =     1.547;     Restrained GooF =      1.547 for       1 restraints

 Weight = 1 / [ sigma^2(Fo^2) + ( 0.1000 * P )^2 +   0.00 * P ]   where  P = ( Max ( Fo^2, 0 ) + 2 * Fc^2 ) / 3


     N      value        esd    shift/esd  parameter

     1     0.19338     0.00169    -0.031    OSF
     2     0.22141     0.00367    -0.014   BASF  1 

 Mean shift/esd =   0.081  Maximum =    -0.576 for  U33 C7       

 Max. shift = 0.010 A for C12        Max. dU =-0.005 for C7        


 Least-squares cycle  19   Maximum vector length =  623   Memory required =     81 /   3814 /   545514

 wR2 =  0.3236 before cycle  19 for   10782 data and    362 /    362 parameters

 GooF = S =     1.547;     Restrained GooF =      1.547 for       1 restraints

 Weight = 1 / [ sigma^2(Fo^2) + ( 0.1000 * P )^2 +   0.00 * P ]   where  P = ( Max ( Fo^2, 0 ) + 2 * Fc^2 ) / 3


     N      value        esd    shift/esd  parameter

     1     0.19341     0.00169     0.019    OSF
     2     0.22145     0.00367     0.012   BASF  1 

 Mean shift/esd =   0.084  Maximum =    -0.511 for  U33 C7       

 Max. shift = 0.010 A for C21        Max. dU =-0.003 for C7        


 Least-squares cycle  20   Maximum vector length =  623   Memory required =     81 /   3814 /   545514

 wR2 =  0.3236 before cycle  20 for   10782 data and    362 /    362 parameters

 GooF = S =     1.547;     Restrained GooF =      1.547 for       1 restraints

 Weight = 1 / [ sigma^2(Fo^2) + ( 0.1000 * P )^2 +   0.00 * P ]   where  P = ( Max ( Fo^2, 0 ) + 2 * Fc^2 ) / 3


     N      value        esd    shift/esd  parameter

     1     0.19335     0.00169    -0.033    OSF
     2     0.22143     0.00367    -0.006   BASF  1 

 Mean shift/esd =   0.084  Maximum =    -0.548 for  U33 C7       

 Max. shift = 0.010 A for C12        Max. dU =-0.005 for C7        


 Largest correlation matrix elements

    -0.832 U22 O4 / U22 O3                  -0.816 U22 N7 / U22 N4                  -0.810 U22 C10 / U22 C3
    -0.832 U22 C6 / U22 C4                   0.816 y C8 / y C2                       0.810 y C6 / y C4
     0.831 y C15 / y C13                     0.814 y O7 / y O5                      -0.809 U22 N6 / U22 N5
    -0.830 U12 C8 / U12 C2                  -0.814 U23 N6 / U23 N5                   0.808 y C17 / y C16
    -0.827 U22 C8 / U22 C2                  -0.814 U22 N2 / U22 N1                   0.808 y C20 / y C12
    -0.819 U22 O8 / U22 O6                  -0.813 U12 C15 / U12 C13                 0.807 y N7 / y N4
     0.818 y C21 / y C18                     0.812 y C24 / y C19                    -0.806 U22 O7 / U22 O5
    -0.817 U23 C8 / U23 C2                  -0.811 U22 C11 / U22 C1                 -0.805 U22 C14 / U22 C7



 Idealized hydrogen atom generation before cycle  21

 Name     x       y       z    AFIX  d(X-H)  shift  Bonded to  Conformation determined by
 H4A   0.3728  0.5297  0.2923   93   0.860   0.004   N4            C3  C23  
 H4B   0.2859  0.6522  0.3089   93   0.860   0.003   N4            C3  C23  
 H5A   0.2478  0.1828  0.7078   93   0.860   0.005   N5            C11  C8  
 H5B   0.3620  0.2984  0.7315   93   0.860   0.002   N5            C11  C8  
 H6A   0.1549  0.5320  0.7717   93   0.860   0.003   N6            C1  C7  
 H6B   0.2701  0.6473  0.7903   93   0.860   0.005   N6            C1  C7  
 H5    0.1386  0.3792  0.3640   43   0.930   0.003   C5            C16  C10  
 H7A   0.2037  0.1818  0.1880   93   0.860   0.003   N7            C10  C6  
 H7B   0.1197  0.3018  0.2115   93   0.860   0.002   N7            C10  C6  
 H7    0.0023  0.4714  0.6256   43   0.930   0.008   C7            C22_$2  C1  
 H9    0.5600  0.3226  0.0374   43   0.930   0.002   C9            C18  C14_$8  
 H12   0.2460  0.8132  0.4999   43   0.930   0.002   C12           C21  C2  
 H13   0.4839  0.0183  0.4747   43   0.930   0.006   C13           C6  C19  
 H14   0.4960  0.3631  0.8836   43   0.930   0.006   C14           C9_$7  C11  
 H15   0.0094  0.8026  0.0198   43   0.930   0.006   C15           C24_$8  C4  
 H16   0.2492  0.3465  0.5142   43   0.930   0.003   C16           C5  C19  
 H17   0.2625  0.4733 -0.0121   43   0.930   0.002   C17           C23  C24_$8  
 H18   0.4365  0.1576  0.0949   43   0.930   0.007   C18           C9  C20_$8  
 H19   0.4219  0.1733  0.5735   43   0.930   0.008   C19           C13  C16  
 H20   0.2523  0.0148  0.9955   43   0.930   0.001   C20           C8  C18_$7  
 H21   0.0698  0.6756  0.4073   43   0.930   0.008   C21           C12  C22_$2  
 H22   0.0553 -0.0018  0.5289   43   0.930   0.001   C22           C7_$5  C21_$5  
 H23   0.3565  0.4572  0.1455   43   0.930   0.004   C23           C17  C3  
 H24   0.0864  0.6548  0.9252   43   0.930   0.010   C24           C15_$7  C17_$7  



  CrystalPilot n0013 in P 1 21 1                                             

 ATOM           x        y        z         sof        U11      U22      U33      U23      U13      U12       Ueq

 O1          0.10999  0.02334  0.73580    1.00000    0.03767  0.03568  0.04314 -0.01347  0.01955 -0.00561   0.03715
   0.03912   0.00236  0.00227  0.00144    0.00000    0.01111  0.01425  0.01331  0.01116  0.00996  0.01026   0.00552

 O2          0.39285  0.80160  0.76166    1.00000    0.04085  0.04644  0.01645  0.00994 -0.01723 -0.02256   0.03930
   0.03417   0.00229  0.00233  0.00120    0.00000    0.01098  0.01462  0.00980  0.01001  0.00808  0.01076   0.00567

 O3          0.48556  0.42308  0.65924    1.00000    0.03227  0.03087  0.05192 -0.00696 -0.00275 -0.01702   0.04100
   0.03710   0.00235  0.00210  0.00148    0.00000    0.01159  0.01506  0.01292  0.01102  0.00894  0.01058   0.00596

 O4          0.00772  0.40329  0.83981    1.00000    0.05345  0.02795  0.02438  0.00045  0.02360 -0.01797   0.03274
   0.04076   0.00252  0.00206  0.00132    0.00000    0.01315  0.01401  0.01047  0.00994  0.00907  0.01141   0.00543

 O5          0.35909  0.01666  0.21916    1.00000    0.05091  0.02415  0.02766  0.00637  0.02420  0.01181   0.03162
   0.04155   0.00248  0.00218  0.00134    0.00000    0.01258  0.01288  0.01157  0.01033  0.00946  0.01014   0.00528

 O6          0.09784  0.91644  0.85936    1.00000    0.03934  0.03922  0.05146  0.00861  0.01200 -0.03025   0.04335
   0.03901   0.00246  0.00225  0.00149    0.00000    0.01247  0.01594  0.01413  0.01158  0.00985  0.01089   0.00621

 O7          0.14009  0.80959  0.28550    1.00000    0.03081  0.04760  0.01433 -0.00252 -0.00312 -0.00435   0.03264
   0.03652   0.00221  0.00237  0.00116    0.00000    0.01060  0.01520  0.00952  0.00976  0.00744  0.01036   0.00548

 O8          0.40110  0.91160  0.64108    1.00000    0.03930  0.02887  0.03486  0.00214  0.00118  0.00407   0.03599
   0.03810   0.00239  0.00214  0.00139    0.00000    0.01236  0.01434  0.01184  0.01051  0.00905  0.01006   0.00545

 N1          0.40822  0.01294  0.30001    1.00000    0.02989  0.01391  0.05815  0.01387  0.01906  0.01517   0.03257
   0.05305   0.00288  0.00251  0.00193    0.00000    0.01372  0.01518  0.01804  0.01496  0.01322  0.01193   0.00649

 N2          0.08494  0.81761  0.19589    1.00000    0.02776  0.02726  0.00991 -0.00414  0.00623 -0.00809   0.02141
   0.03766   0.00263  0.00247  0.00131    0.00000    0.01262  0.01671  0.01082  0.01168  0.00938  0.01205   0.00560

 C1          0.16661  0.62271  0.66185    1.00000    0.02536  0.02339  0.02447  0.00625  0.00919 -0.01967   0.02392
   0.05034   0.00303  0.00284  0.00182    0.00000    0.01516  0.01901  0.01557  0.01373  0.01173  0.01235   0.00735

 N3          0.34406  0.81704  0.67678    1.00000    0.03298  0.04086  0.02902  0.02153  0.01506  0.00350   0.03299
   0.04997   0.00278  0.00281  0.00158    0.00000    0.01409  0.01899  0.01411  0.01387  0.01117  0.01318   0.00703

 C2          0.23648  0.72545  0.62307    1.00000    0.01667  0.01339  0.02178  0.00120  0.00078  0.00584   0.01810
   0.05041   0.00282  0.00285  0.00175    0.00000    0.01306  0.01586  0.01389  0.01321  0.01042  0.01291   0.00598

 N4          0.31036  0.59647  0.27145    1.00000    0.02486  0.05311  0.01905  0.00455 -0.01516  0.00955   0.03633
   0.04416   0.00248  0.00290  0.00142    0.00000    0.01290  0.01871  0.01279  0.01277  0.00914  0.01273   0.00690

 H4A         0.37280  0.52965  0.29231    1.00000    0.04359
                                          0.00000    0.00000

 H4B         0.28586  0.65223  0.30888    1.00000    0.04359
                                          0.00000    0.00000

 C3          0.25052  0.61391  0.17952    1.00000    0.01661  0.02485  0.02879  0.01164 -0.00320 -0.01701   0.02517
   0.05018   0.00302  0.00311  0.00190    0.00000    0.01408  0.01941  0.01583  0.01466  0.01116  0.01260   0.00747

 N5          0.31220  0.23231  0.74837    1.00000    0.03294  0.03306  0.02339  0.00245 -0.00012 -0.01285   0.03124
   0.04527   0.00276  0.00266  0.00147    0.00000    0.01163  0.01637  0.01280  0.01275  0.00907  0.01203   0.00608

 H5A         0.24784  0.18283  0.70780    1.00000    0.03748
                                          0.00000    0.00000

 H5B         0.36195  0.29841  0.73148    1.00000    0.03748
                                          0.00000    0.00000

 N6          0.20134  0.59772  0.75201    1.00000    0.03476  0.03765  0.03497  0.00562  0.01854 -0.01345   0.03403
   0.04926   0.00282  0.00280  0.00159    0.00000    0.01312  0.01655  0.01394  0.01357  0.01075  0.01238   0.00641

 H6A         0.15488  0.53204  0.77165    1.00000    0.04083
                                          0.00000    0.00000

 H6B         0.27013  0.64733  0.79029    1.00000    0.04083
                                          0.00000    0.00000

 C4          0.14111  0.71913  0.14202    1.00000    0.02325  0.03114  0.02717 -0.00521  0.02554 -0.00043   0.02360
   0.05119   0.00293  0.00305  0.00162    0.00000    0.01382  0.01925  0.01582  0.01456  0.01175  0.01409   0.00715

 C5          0.20854  0.30752  0.38440    1.00000    0.02686  0.02867  0.03406 -0.00678  0.01481 -0.00335   0.02859
   0.05620   0.00327  0.00340  0.00187    0.00000    0.01507  0.01925  0.01635  0.01562  0.01209  0.01350   0.00743

 H5          0.13861  0.37919  0.36400    1.00000    0.03430
                                          0.00000    0.00000

 N7          0.18339  0.23439  0.22846    1.00000    0.04316  0.01912  0.03270  0.00949  0.02197  0.01294   0.02939
   0.04486   0.00253  0.00248  0.00144    0.00000    0.01439  0.01484  0.01483  0.01256  0.01080  0.01224   0.00624

 H7A         0.20374  0.18176  0.18800    1.00000    0.03527
                                          0.00000    0.00000

 H7B         0.11975  0.30178  0.21146    1.00000    0.03527
                                          0.00000    0.00000

 C6          0.35761  0.10626  0.35826    1.00000    0.02035  0.01042  0.02471  0.00611 -0.01301  0.00269   0.02210
   0.04899   0.00296  0.00280  0.00170    0.00000    0.01400  0.01738  0.01558  0.01351  0.01043  0.01265   0.00710

 C7          0.05357  0.53924  0.60168    1.00000    0.04759  0.02624  0.02151  0.00104  0.03279  0.00032   0.02729
   0.05379   0.00319  0.00310  0.00159    0.00000    0.01789  0.01928  0.01449  0.01282  0.01297  0.01434   0.00772

 H7          0.00231  0.47142  0.62558    1.00000    0.03275
                                          0.00000    0.00000

 N8          0.14757  0.01049  0.82072    1.00000    0.01897  0.00853  0.04065 -0.01399  0.00606 -0.00381   0.02307
   0.03934   0.00247  0.00225  0.00167    0.00000    0.01175  0.01294  0.01493  0.01187  0.01056  0.01020   0.00577

 C8          0.26450  0.10295  0.87880    1.00000    0.01881  0.02029  0.03601 -0.01089  0.00791 -0.00930   0.02491
   0.05219   0.00304  0.00317  0.00198    0.00000    0.01425  0.01820  0.01690  0.01567  0.01206  0.01422   0.00683

 C9          0.48389  0.26822 -0.00249    1.00000    0.01729  0.03293  0.02260 -0.01169 -0.01020 -0.01081   0.02722
   0.05033   0.00338  0.00316  0.00190    0.00000    0.01356  0.01977  0.01399  0.01303  0.01046  0.01336   0.00726

 H9          0.55997  0.32257  0.03736    1.00000    0.03267
                                          0.00000    0.00000

 C10         0.25058  0.21147  0.31765    1.00000    0.02300  0.02385  0.03216 -0.01058  0.01922  0.01020   0.02407
   0.05195   0.00293  0.00282  0.00190    0.00000    0.01450  0.01832  0.01596  0.01394  0.01173  0.01246   0.00711

 C11         0.33549  0.20581  0.83993    1.00000    0.01938  0.02180  0.03269 -0.01005  0.00465  0.01530   0.02505
   0.04955   0.00284  0.00280  0.00181    0.00000    0.01419  0.01850  0.01643  0.01397  0.01141  0.01206   0.00722

 C12         0.19751  0.74421  0.52441    1.00000    0.03283  0.02669  0.02904  0.01553  0.00830  0.01025   0.02950
   0.05840   0.00326  0.00342  0.00179    0.00000    0.01585  0.01925  0.01646  0.01524  0.01261  0.01527   0.00728

 H12         0.24595  0.81319  0.49993    1.00000    0.03540
                                          0.00000    0.00000

 C13         0.41724  0.09069  0.45135    1.00000    0.03590  0.02736  0.04739  0.01014  0.02632  0.00854   0.03398
   0.05951   0.00331  0.00353  0.00196    0.00000    0.01645  0.01824  0.01968  0.01622  0.01400  0.01583   0.00778

 H13         0.48388  0.01830  0.47473    1.00000    0.04078
                                          0.00000    0.00000

 C14         0.44766  0.29119  0.90510    1.00000    0.01365  0.02257  0.05144 -0.00076 -0.01306 -0.00244   0.03334
   0.04742   0.00273  0.00309  0.00184    0.00000    0.01373  0.01800  0.01878  0.01500  0.01204  0.01276   0.00804

 H14         0.49596  0.36308  0.88359    1.00000    0.04001
                                          0.00000    0.00000

 C15         0.07997  0.73298  0.04448    1.00000    0.01715  0.02178  0.00861 -0.00447 -0.00730 -0.00138   0.01788
   0.04400   0.00276  0.00313  0.00144    0.00000    0.01246  0.01646  0.01228  0.01220  0.00925  0.01311   0.00631

 H15         0.00936  0.80262  0.01982    1.00000    0.02146
                                          0.00000    0.00000

 C16         0.27464  0.28640  0.47328    1.00000    0.03310  0.01823  0.06219 -0.00420  0.01970  0.00731   0.03649
   0.06167   0.00347  0.00326  0.00216    0.00000    0.01653  0.01929  0.02234  0.01728  0.01526  0.01447   0.00853

 H16         0.24916  0.34653  0.51418    1.00000    0.04379
                                          0.00000    0.00000

 C17         0.23202  0.53571  0.02569    1.00000    0.02132  0.03614  0.01389 -0.00740  0.00151 -0.00679   0.02438
   0.04980   0.00316  0.00327  0.00164    0.00000    0.01450  0.02092  0.01442  0.01409  0.01140  0.01342   0.00761

 H17         0.26248  0.47329 -0.01211    1.00000    0.02926
                                          0.00000    0.00000

 C18         0.41277  0.16988  0.03170    1.00000    0.01785  0.01995  0.03600 -0.01282 -0.02231  0.00540   0.03020
   0.04784   0.00281  0.00324  0.00178    0.00000    0.01396  0.01592  0.01545  0.01342  0.01052  0.01286   0.00745

 H18         0.43649  0.15759  0.09490    1.00000    0.03624
                                          0.00000    0.00000

 C19         0.37898  0.18162  0.51027    1.00000    0.02903  0.03085  0.04140 -0.00776  0.00015 -0.01598   0.03551
   0.05052   0.00307  0.00317  0.00205    0.00000    0.01618  0.01898  0.01843  0.01641  0.01315  0.01463   0.00798

 H19         0.42189  0.17329  0.57347    1.00000    0.04261
                                          0.00000    0.00000

 C20         0.30119  0.08430  0.97170    1.00000    0.02151  0.01312  0.03687 -0.00715  0.01387 -0.01321   0.02267
   0.04864   0.00298  0.00295  0.00178    0.00000    0.01396  0.01580  0.01838  0.01404  0.01212  0.01303   0.00672

 H20         0.25234  0.01484  0.99546    1.00000    0.02720
                                          0.00000    0.00000

 C21         0.09491  0.66438  0.47062    1.00000    0.05030  0.04409  0.02333  0.00377  0.03307 -0.01067   0.03481
   0.06057   0.00330  0.00360  0.00178    0.00000    0.01821  0.01996  0.01470  0.01508  0.01308  0.01675   0.00781

 H21         0.06978  0.67565  0.40729    1.00000    0.04177
                                          0.00000    0.00000

 C22        -0.01802  0.05571  0.49020    1.00000    0.03469  0.01302  0.04892 -0.00167  0.02419 -0.00963   0.02972
   0.05508   0.00366  0.00281  0.00212    0.00000    0.01573  0.01610  0.01854  0.01374  0.01354  0.01280   0.00743

 H22         0.05532 -0.00181  0.52892    1.00000    0.03566
                                          0.00000    0.00000

 C23         0.28783  0.52785  0.12078    1.00000    0.01841  0.01518  0.02915  0.00245 -0.00263  0.01259   0.02261
   0.05284   0.00305  0.00300  0.00175    0.00000    0.01412  0.01677  0.01508  0.01360  0.01121  0.01182   0.00689

 H23         0.35654  0.45716  0.14548    1.00000    0.02714
                                          0.00000    0.00000

 C24         0.12498  0.64488  0.98854    1.00000    0.03311  0.04202  0.01183  0.00655  0.01283  0.02405   0.02768
   0.05495   0.00306  0.00299  0.00169    0.00000    0.01493  0.02049  0.01315  0.01371  0.01089  0.01384   0.00742

 H24         0.08638  0.65483  0.92521    1.00000    0.03321
                                          0.00000    0.00000



 Final Structure Factor Calculation for  CrystalPilot n0013 in P 1 21 1                                             

 Total number of l.s. parameters =   362  Maximum vector length =  623   Memory required =     81 /   3452 /    28035

 wR2 =  0.3235 before cycle  21 for   10782 data and      0 /    362 parameters

 GooF = S =     1.546;     Restrained GooF =      1.546 for       1 restraints

 Weight = 1 / [ sigma^2(Fo^2) + ( 0.1000 * P )^2 +   0.00 * P ]   where  P = ( Max ( Fo^2, 0 ) + 2 * Fc^2 ) / 3

 wR2 = 0.3235, GooF = S = 1.546, Restrained GooF = 1.546 for all data
 R1 = 0.1066 for 5935 Fo > 4sig(Fo) and 0.1383 for all 10782 data

 Flack x =    1.546(999) by classical fit to all intensities
             -0.431(999) from 857 selected quotients (Parsons' method)

 ** Absolute structure cannot be determined reliably **

 Occupancy sum of asymmetric unit =    40.00 for non-hydrogen and    24.00 for H and D atoms



 Principal mean square atomic displacements U

   0.0561   0.0316   0.0237   O1  
   0.0853   0.0265   0.0061   O2  
   0.0646   0.0460   0.0124   O3  
   0.0636   0.0266   0.0080   O4  
   0.0588   0.0198   0.0162   O5  
   0.0753   0.0497   0.0050   O6  
   0.0487   0.0374   0.0118   O7  
   0.0493   0.0330   0.0256   O8  
   0.0635   0.0297   0.0046   N1  
   0.0356   0.0199   0.0087   N2  
   0.0460   0.0259  -0.0002   C1   ** NON POSITIVE DEFINITE **
   0.0576   0.0317   0.0097   N3  
   0.0264   0.0192   0.0087   C2  
   0.0577   0.0476   0.0037   N4  
   0.0544   0.0186   0.0025   C3  
   0.0509   0.0238   0.0190   N5  
   0.0498   0.0402   0.0122   N6  
   0.0416   0.0302  -0.0010   C4   ** NON POSITIVE DEFINITE **
   0.0406   0.0250   0.0201   C5  
   0.0543   0.0206   0.0132   N7  
   0.0487   0.0143   0.0033   C6  
   0.0566   0.0262  -0.0010   C7   ** NON POSITIVE DEFINITE **
   0.0467   0.0194   0.0031   N8  
   0.0417   0.0235   0.0096   C8  
   0.0422   0.0382   0.0012   C9  
   0.0396   0.0336  -0.0010   C10   ** NON POSITIVE DEFINITE **
   0.0471   0.0260   0.0020   C11  
   0.0453   0.0317   0.0114   C12  
   0.0591   0.0231   0.0197   C13  
   0.0692   0.0229   0.0079   C14  
   0.0288   0.0221   0.0027   C15  
   0.0628   0.0339   0.0128   C16  
   0.0395   0.0231   0.0106   C17  
   0.0729   0.0158   0.0019   C18  
   0.0502   0.0443   0.0120   C19  
   0.0415   0.0232   0.0033   C20  
   0.0621   0.0434  -0.0010   C21   ** NON POSITIVE DEFINITE **
   0.0547   0.0266   0.0078   C22  
   0.0391   0.0253   0.0034   C23  
   0.0622   0.0145   0.0063   C24  

 ** Warning:     0  atoms may be split and     5  atoms NPD **



 Analysis of variance for reflections employed in refinement      K = Mean[Fo^2] / Mean[Fc^2]  for group


 Fc/Fc(max)       0.000    0.007    0.012    0.016    0.022    0.027    0.035    0.045    0.061    0.088    1.000

 Number in group      1152.    1227.     882.    1235.     894.    1171.    1037.    1075.    1054.    1055.

            GooF      1.030    1.411    1.593    1.747    2.475    1.294    1.618    1.187    1.495    1.464

             K        5.515    2.695    1.752    1.397    1.572    1.031    1.071    1.016    1.033    0.954


 Resolution(A)    0.75     0.90     0.96     1.01     1.06     1.13     1.20     1.32     1.48     1.81     inf

 Number in group      1094.    1069.    1093.    1077.    1061.    1100.    1070.    1064.    1072.    1082.

            GooF      0.886    0.948    1.214    1.476    1.406    1.833    1.906    1.728    1.814    1.872

             K        1.031    1.005    1.040    1.071    1.041    1.099    1.108    1.124    1.099    0.906

             R1       0.235    0.211    0.183    0.160    0.151    0.138    0.131    0.129    0.094    0.081


 ** Extinction (EXTI) or solvent water (SWAT) correction may be required **

 Recommended weighting scheme:  WGHT    0.1380    3.0970


 Most Disagreeable Reflections (* if suppressed or used for Rfree).
 Error/esd is calculated as sqrt(wD^2/<wD^2>) where w is given by the weight
 formula, D = Fo^2-Fc^2 and <> refers to the average over all reflections.

     h   k   l          Fo^2          Fc^2    Error/esd  Fc/Fc(max)  Resolution(A)

     3   3 -11        599.84          8.69      10.99       0.013       1.24
    -3  -2  -7        645.67         27.09      10.98       0.024       1.41
     3   2 -11        548.68         28.59      10.04       0.024       1.29
    -3  -3  -3        727.48         70.69      10.01       0.038       1.80
    -3   2  -7        632.62         27.08       9.75       0.024       1.41
    -4  -2  -2        354.95         31.76       9.65       0.026       1.71
     3  -2   7        971.04         27.09       9.64       0.024       1.41
    -3  -2 -11        523.09         31.39       9.36       0.025       1.06
     3   4 -10        386.39         25.75       9.34       0.023       1.26
    -3  -2  -6        314.44         16.47       9.11       0.018       1.53
    -3   2 -11        581.19         31.31       8.68       0.025       1.06
     4  -2   7        815.15         57.10       8.47       0.034       1.25
    -4  -2  -7        520.70         57.10       8.29       0.034       1.25
     3  -2  11        816.49         31.39       8.24       0.025       1.06
    -4   2  -7        519.90         57.08       8.13       0.034       1.25
     3  -2   6        435.96         16.47       7.97       0.018       1.53
    -3   0   8        364.54          9.62       7.96       0.014       1.74
    -3  -1   7        334.43         17.30       7.95       0.019       1.87
     1  -5  -3        190.26       1401.48       7.94       0.170       1.86
    -3  -1  -3        159.35          6.08       7.87       0.011       2.08
    -3  -2 -10        210.52         13.39       7.79       0.017       1.13
     3   3 -10        244.89         19.54       7.79       0.020       1.33
     3   2 -12       1006.22        251.06       7.65       0.072       1.20
    -4  -4  -4        286.20         25.94       7.54       0.023       1.35
     4  -3   8        553.47         28.58       7.54       0.024       1.13
     3   4  -9        229.44         29.03       7.53       0.024       1.34
     1   0   2        184.94       1093.10       7.49       0.150       4.81
     3  -2 -11        290.46         28.65       7.38       0.024       1.29
    -4   3  -8        371.47         28.51       7.35       0.024       1.13
     3   0 -14        260.61          9.23       7.34       0.014       1.07
    -3   2  -6        259.28         16.53       7.34       0.018       1.53
    -4   0 -10        459.14         84.06       7.28       0.042       1.05
    -3   2  11        463.40         28.59       7.25       0.024       1.29
    -4  -1  -8        340.56         62.07       7.13       0.036       1.19
    -4   1  -8        347.49         62.10       7.03       0.036       1.19
    -3   0  -6        132.17          9.10       7.02       0.014       1.60
     4  -1   8        561.73         62.07       7.00       0.036       1.19
     3   4 -12        392.79          5.83       6.94       0.011       1.11
     3  -2   9       1174.10        262.37       6.86       0.074       1.21
     3   2   7        231.57         27.08       6.73       0.024       1.41
    -3  -2  -9        807.43        262.37       6.66       0.074       1.21
     4  -1 -14        276.60         29.12       6.63       0.024       1.04
    -6   0  -6        264.88         18.87       6.53       0.020       1.06
    -4  -3   9       1076.57        184.92       6.52       0.062       1.34
     3   1 -13        188.93         11.24       6.33       0.015       1.14
    -3   0 -10        228.37         14.47       6.33       0.017       1.16
    -3  -2  11        589.45         28.65       6.28       0.024       1.29
     3   1 -12        157.75          5.48       6.28       0.011       1.23
    -3   2  -9        867.92        262.54       6.26       0.074       1.21
    -5   0  -8        290.99          3.18       6.22       0.008       1.07

 R1 =  0.1779 for   2457 unique reflections after merging for Fourier


 Time profile in seconds
 -----------------------

      0.01: Read and process instructions
      0.00: Fit rigid groups
      0.00: Interpret restraints etc.
      0.00: Generate connectivity array
      0.00: Analyse DFIX and DANG restraints
      0.00: Analyse SAME, SADI and NCSY restraints
      0.00: Generate CHIV restraints
      0.00: Check if bonds in residues restrained
      0.00: Generate DELU and RIGU restraints
      0.00: Generate SIMU restraints
      0.00: Generate ISOR restraints
      0.00: Analyse electron density
      0.00: Analyse other restraints etc.
      0.01: Read intensity data, sort/merge etc.
      0.00: Set up constraints
      0.00: OSF, H-atoms from difference map
      0.06: Set up l.s. refinement
      0.00: Generate idealized H-atoms
      0.17: Structure factors and derivatives
      0.08: Sum l.s. matrices
      0.00: Generate and apply antibumping restraints
      0.00: Apply other restraints
      0.08: Solve l.s. equations
      0.00: Generate HTAB table
      0.02: Other dependent quantities, CIF, tables
      0.01: Analysis of variance
      0.03: Merge reflections for Fourier and .fcf
      0.00: Fourier summations
      0.00: Peaksearch
      0.00: Analyse peaklist

 ** WARNING: These times are only approximate for multiple threads.
             To get better estimates run with -t1 **

   Please cite: G.M. Sheldrick (2015) "Crystal structure refinement with
   SHELXL", Acta Cryst., C71, 3-8 (Open Access) if SHELXL proves useful.

 +++++++++++++++++++++++++++++++++++++++++++++++++++++++++++++++++++++++++++++
 +  job           finished at 11:59:43   Total elapsed time:      0.50 secs  +
 +++++++++++++++++++++++++++++++++++++++++++++++++++++++++++++++++++++++++++++
